[0;34mBranch: rseq-timeslice - using march=native config[0m
[0;34mBuild Configuration:[0m
  Kernel Version: 6.18
  Build Directory: /home/bob/buildstuff/BobZKernel/builds/linux-6.18
  Compiler: Clang/LLVM
  Jobs: 12

[0;34mVerifying optimizations...[0m
[1;33m⚠ Using generic x86-64 optimizations on rseq-timeslice branch[0m
[0;32m✓ Full LTO enabled (CONFIG_LTO_CLANG_FULL)[0m

[0;34mStarting kernel build...[0m

Build started at Mon Feb  2 07:00:40 PM EST 2026
Branch: rseq-timeslice
Kernel Version: 6.18

  DESCEND objtool
  CALL    scripts/checksyscalls.sh
  INSTALL libsubcmd_headers
  LINK    /home/bob/buildstuff/BobZKernel/builds/linux-6.18/tools/objtool/objtool
/usr/bin/ld: /home/bob/buildstuff/BobZKernel/builds/linux-6.18/tools/objtool/libsubcmd/libsubcmd.a(libsubcmd-in.o): in function `get_pwd_cwd':
/home/bob/buildstuff/BobZKernel/builds/linux-6.18/tools/lib/subcmd/exec-cmd.c:47:(.text+0x345): undefined reference to `__stat64_time64'
/usr/bin/ld: /home/bob/buildstuff/BobZKernel/builds/linux-6.18/tools/lib/subcmd/exec-cmd.c:48:(.text+0x350): undefined reference to `__stat64_time64'
/usr/bin/ld: /home/bob/buildstuff/BobZKernel/builds/linux-6.18/tools/objtool/libsubcmd/libsubcmd.a(libsubcmd-in.o): in function `is_executable':
/home/bob/buildstuff/BobZKernel/builds/linux-6.18/tools/lib/subcmd/help.c:169:(.text+0xd93): undefined reference to `__stat64_time64'
/usr/bin/ld: /home/bob/buildstuff/BobZKernel/builds/linux-6.18/tools/objtool/libsubcmd/libsubcmd.a(libsubcmd-in.o): in function `get_term_dimensions':
/home/bob/buildstuff/BobZKernel/builds/linux-6.18/tools/lib/subcmd/help.c:125:(.text+0x110d): undefined reference to `__ioctl_time64'
/usr/bin/ld: /home/bob/buildstuff/BobZKernel/builds/linux-6.18/tools/objtool/libsubcmd/libsubcmd.a(libsubcmd-in.o): in function `setup_pager':
/home/bob/buildstuff/BobZKernel/builds/linux-6.18/tools/lib/subcmd/pager.c:80:(.text+0x1341): undefined reference to `__ioctl_time64'
/usr/bin/ld: /home/bob/buildstuff/BobZKernel/builds/linux-6.18/tools/objtool/libsubcmd/libsubcmd.a(libsubcmd-in.o): in function `pager_preexec':
/home/bob/buildstuff/BobZKernel/builds/linux-6.18/tools/lib/subcmd/pager.c:46:(.text+0x152a): undefined reference to `__select64'
/usr/bin/ld: /lib/x86_64-linux-gnu/libelf.a(elf_compress.o): in function `__libelf_compress':
(.text+0x113): undefined reference to `ZSTD_createCCtx'
/usr/bin/ld: (.text+0x2a9): undefined reference to `ZSTD_compressStream2'
/usr/bin/ld: (.text+0x2b4): undefined reference to `ZSTD_isError'
/usr/bin/ld: (.text+0x2db): undefined reference to `ZSTD_freeCCtx'
/usr/bin/ld: (.text+0x363): undefined reference to `deflateInit_'
/usr/bin/ld: (.text+0x45c): undefined reference to `deflate'
/usr/bin/ld: (.text+0x5a0): undefined reference to `ZSTD_compressStream2'
/usr/bin/ld: (.text+0x5ab): undefined reference to `ZSTD_isError'
/usr/bin/ld: (.text+0x5f6): undefined reference to `deflate'
/usr/bin/ld: (.text+0x6b9): undefined reference to `ZSTD_freeCCtx'
/usr/bin/ld: (.text+0x6e7): undefined reference to `deflateEnd'
/usr/bin/ld: (.text+0x738): undefined reference to `deflateEnd'
/usr/bin/ld: (.text+0x835): undefined reference to `ZSTD_freeCCtx'
/usr/bin/ld: (.text+0x86f): undefined reference to `ZSTD_freeCCtx'
/usr/bin/ld: (.text+0x8fd): undefined reference to `deflateEnd'
/usr/bin/ld: (.text+0x91b): undefined reference to `ZSTD_freeCCtx'
/usr/bin/ld: (.text+0x946): undefined reference to `deflateEnd'
/usr/bin/ld: (.text+0x99c): undefined reference to `deflateEnd'
/usr/bin/ld: (.text+0xa12): undefined reference to `ZSTD_freeCCtx'
/usr/bin/ld: /lib/x86_64-linux-gnu/libelf.a(elf_compress.o): in function `__libelf_decompress_zlib':
(.text+0xae5): undefined reference to `inflateInit_'
/usr/bin/ld: (.text+0xb13): undefined reference to `inflate'
/usr/bin/ld: (.text+0xb20): undefined reference to `inflateReset'
/usr/bin/ld: (.text+0xb37): undefined reference to `inflateEnd'
/usr/bin/ld: /lib/x86_64-linux-gnu/libelf.a(elf_compress.o): in function `__libelf_decompress':
(.text+0xbfc): undefined reference to `ZSTD_decompress'
/usr/bin/ld: (.text+0xc04): undefined reference to `ZSTD_isError'
/usr/bin/ld: /lib/x86_64-linux-gnu/libelf.a(elf_compress.o): in function `__libelf_decompress_elf':
(.text+0xd45): undefined reference to `ZSTD_decompress'
/usr/bin/ld: (.text+0xd4d): undefined reference to `ZSTD_isError'
clang: error: linker command failed with exit code 1 (use -v to see invocation)
make[3]: *** [Makefile:75: /home/bob/buildstuff/BobZKernel/builds/linux-6.18/tools/objtool/objtool] Error 1
make[2]: *** [Makefile:73: objtool] Error 2
make[1]: *** [/home/bob/buildstuff/BobZKernel/builds/linux-6.18/Makefile:1454: tools/objtool] Error 2
make: *** [Makefile:248: __sub-make] Error 2
