[0;34mBranch: rseq-timeslice - using march=native config[0m
[0;34mBuild Configuration:[0m
  Kernel Version: 6.18
  Build Directory: /home/bob/buildstuff/BobZKernel/builds/linux-6.18
  Compiler: Clang/LLVM
  Jobs: 12

[0;34mVerifying optimizations...[0m
[1;33m⚠ Using generic x86-64 optimizations on rseq-timeslice branch[0m
[0;32m✓ Full LTO enabled (CONFIG_LTO_CLANG_FULL)[0m

[0;34mStarting kernel build...[0m

Build started at Mon Feb  2 07:03:23 PM EST 2026
Branch: rseq-timeslice
Kernel Version: 6.18

  DESCEND objtool
  CALL    scripts/checksyscalls.sh
  INSTALL libsubcmd_headers
  LINK    /home/bob/buildstuff/BobZKernel/builds/linux-6.18/tools/objtool/objtool
/usr/bin/ld: /home/bob/buildstuff/BobZKernel/builds/linux-6.18/tools/objtool/libsubcmd/libsubcmd.a(libsubcmd-in.o): in function `get_pwd_cwd':
/home/bob/buildstuff/BobZKernel/builds/linux-6.18/tools/lib/subcmd/exec-cmd.c:47:(.text+0x345): undefined reference to `__stat64_time64'
/usr/bin/ld: /home/bob/buildstuff/BobZKernel/builds/linux-6.18/tools/lib/subcmd/exec-cmd.c:48:(.text+0x350): undefined reference to `__stat64_time64'
/usr/bin/ld: /home/bob/buildstuff/BobZKernel/builds/linux-6.18/tools/objtool/libsubcmd/libsubcmd.a(libsubcmd-in.o): in function `is_executable':
/home/bob/buildstuff/BobZKernel/builds/linux-6.18/tools/lib/subcmd/help.c:169:(.text+0xd93): undefined reference to `__stat64_time64'
/usr/bin/ld: /home/bob/buildstuff/BobZKernel/builds/linux-6.18/tools/objtool/libsubcmd/libsubcmd.a(libsubcmd-in.o): in function `get_term_dimensions':
/home/bob/buildstuff/BobZKernel/builds/linux-6.18/tools/lib/subcmd/help.c:125:(.text+0x110d): undefined reference to `__ioctl_time64'
/usr/bin/ld: /home/bob/buildstuff/BobZKernel/builds/linux-6.18/tools/objtool/libsubcmd/libsubcmd.a(libsubcmd-in.o): in function `setup_pager':
/home/bob/buildstuff/BobZKernel/builds/linux-6.18/tools/lib/subcmd/pager.c:80:(.text+0x1341): undefined reference to `__ioctl_time64'
/usr/bin/ld: /home/bob/buildstuff/BobZKernel/builds/linux-6.18/tools/objtool/libsubcmd/libsubcmd.a(libsubcmd-in.o): in function `pager_preexec':
/home/bob/buildstuff/BobZKernel/builds/linux-6.18/tools/lib/subcmd/pager.c:46:(.text+0x152a): undefined reference to `__select64'
clang: error: linker command failed with exit code 1 (use -v to see invocation)
make[3]: *** [Makefile:75: /home/bob/buildstuff/BobZKernel/builds/linux-6.18/tools/objtool/objtool] Error 1
make[2]: *** [Makefile:73: objtool] Error 2
make[1]: *** [/home/bob/buildstuff/BobZKernel/builds/linux-6.18/Makefile:1454: tools/objtool] Error 2
make: *** [Makefile:248: __sub-make] Error 2
